conda.exe : ERROR 
conda.cli.main_run:execute(125): 
`conda run python -m pytest -v 
backend/tests/test_ai_service.py` 
failed. (See above for error)
At C:\Users\piete\anaconda3\shell\cond
abin\Conda.psm1:153 char:17
+ ...             & $Env:CONDA_EXE 
$Env:_CE_M $Env:_CE_CONDA $Command 
@Othe ...
+                 ~~~~~~~~~~~~~~~~~~~~
~~~~~~~~~~~~~~~~~~~~~~~~~~~~~~~~~~~~~
    + CategoryInfo          : NotSpec 
   ified: (ERROR conda.cli...bove fo  
  r error):String) [], RemoteExcept   
 ion
    + FullyQualifiedErrorId : NativeC 
   ommandError
 
============================= test session starts =============================
platform win32 -- Python 3.12.12, pytest-9.0.1, pluggy-1.6.0
rootdir: C:\QuFLX\v2
configfile: pytest.ini
plugins: anyio-4.12.0, logfire-4.15.1, cov-7.0.0
collected 5 items

backend\tests\test_ai_service.py FFFFF                                   [100%]

================================== FAILURES ===================================
______________________________ test_ask_success _______________________________
async def functions are not natively supported.
You need to install a suitable plugin for your async framework, for example:
  - anyio
  - pytest-asyncio
  - pytest-tornasync
  - pytest-trio
  - pytest-twisted
__________________________ test_ask_missing_api_key ___________________________
async def functions are not natively supported.
You need to install a suitable plugin for your async framework, for example:
  - anyio
  - pytest-asyncio
  - pytest-tornasync
  - pytest-trio
  - pytest-twisted
___________________________ test_ask_provider_error ___________________________
async def functions are not natively supported.
You need to install a suitable plugin for your async framework, for example:
  - anyio
  - pytest-asyncio
  - pytest-tornasync
  - pytest-trio
  - pytest-twisted
______________________________ test_ask_timeout _______________________________
async def functions are not natively supported.
You need to install a suitable plugin for your async framework, for example:
  - anyio
  - pytest-asyncio
  - pytest-tornasync
  - pytest-trio
  - pytest-twisted
__________________________ test_prompt_construction ___________________________
async def functions are not natively supported.
You need to install a suitable plugin for your async framework, for example:
  - anyio
  - pytest-asyncio
  - pytest-tornasync
  - pytest-trio
  - pytest-twisted
============================== warnings summary ===============================
backend\tests\test_ai_service.py:12
  C:\QuFLX\v2\backend\tests\test_ai_service.py:12: PytestUnknownMarkWarning: Unknown pytest.mark.asyncio - is this a typo?  You can register custom marks to avoid this warning - for details, see https://docs.pytest.org/en/stable/how-to/mark.html
    @pytest.mark.asyncio

backend\tests\test_ai_service.py:39
  C:\QuFLX\v2\backend\tests\test_ai_service.py:39: PytestUnknownMarkWarning: Unknown pytest.mark.asyncio - is this a typo?  You can register custom marks to avoid this warning - for details, see https://docs.pytest.org/en/stable/how-to/mark.html
    @pytest.mark.asyncio

backend\tests\test_ai_service.py:49
  C:\QuFLX\v2\backend\tests\test_ai_service.py:49: PytestUnknownMarkWarning: Unknown pytest.mark.asyncio - is this a typo?  You can register custom marks to avoid this warning - for details, see https://docs.pytest.org/en/stable/how-to/mark.html
    @pytest.mark.asyncio

backend\tests\test_ai_service.py:59
  C:\QuFLX\v2\backend\tests\test_ai_service.py:59: PytestUnknownMarkWarning: Unknown pytest.mark.asyncio - is this a typo?  You can register custom marks to avoid this warning - for details, see https://docs.pytest.org/en/stable/how-to/mark.html
    @pytest.mark.asyncio

backend\tests\test_ai_service.py:67
  C:\QuFLX\v2\backend\tests\test_ai_service.py:67: PytestUnknownMarkWarning: Unknown pytest.mark.asyncio - is this a typo?  You can register custom marks to avoid this warning - for details, see https://docs.pytest.org/en/stable/how-to/mark.html
    @pytest.mark.asyncio

-- Docs: https://docs.pytest.org/en/stable/how-to/capture-warnings.html
=========================== short test summary info ===========================
FAILED backend/tests/test_ai_service.py::test_ask_success - Failed: async def...
FAILED backend/tests/test_ai_service.py::test_ask_missing_api_key - Failed: a...
FAILED backend/tests/test_ai_service.py::test_ask_provider_error - Failed: as...
FAILED backend/tests/test_ai_service.py::test_ask_timeout - Failed: async def...
FAILED backend/tests/test_ai_service.py::test_prompt_construction - Failed: a...
======================== 5 failed, 5 warnings in 0.07s ========================

